// Jest Snapshot v1, https://goo.gl/fbAQLP

exports[`<Item /> should render snapshot 1`] = `
<div>
  <div
    class="container"
    id="test"
  >
    <div
      class="imageContainer"
    >
      <img
        alt="test"
        src="http://http2.mlstatic.com/D_844171-MLA41757309022_052020-O.jpg"
      />
    </div>
    <div
      class="containerDetails"
    >
      <div
        class="priceContainer"
      >
        <h2
          data-testid="txt_price_item"
        >
          R$Â 100,00
        </h2>
        <div
          class="shipping"
          data-testid="ic_shipping_item"
        />
      </div>
      <span
        data-testid="txt_title_item"
      >
        test
      </span>
    </div>
    <span
      class="address"
      data-testid="txt_address_item"
    >
      city_name_test
    </span>
  </div>
</div>
`;
