// Jest Snapshot v1, https://goo.gl/fbAQLP

exports[`<Link /> should render snapshot 1`] = `
<div>
  <a
    href="/"
  >
    <h1>
      Test Link
    </h1>
  </a>
</div>
`;
